../ael/Hittite_HMC313.ael
../ael/Hittite_HMC311LP3.ael
../ael/Hittite_HMC479MP86.ael
../ael/Hittite_HMC453ST89.ael
../ael/Hittite_HMC452ST89.ael
../ael/Hittite_HMC454ST89.ael
../ael/Hittite_HMC480ST89.ael
../ael/Hittite_HMC457QS16G.ael
../ael/Hittite_HMC452QS16G.ael
../ael/Hittite_HMC453QS16G.ael
../ael/Hittite_HMC479ST89.ael
../ael/Hittite_HMC_C016.ael
../ael/Hittite_HMC_C022.ael
../ael/Hittite_HMC_C002.ael
../ael/Hittite_HMC_C001.ael
../ael/Hittite_HMC_C017.ael
../ael/Hittite_HMC374.ael
../ael/Hittite_HMC314.ael
../ael/Hittite_HMC_C023.ael
../ael/Hittite_HMC_C003.ael
../ael/Hittite_HMC_C008.ael
../ael/Hittite_HMC_C013.ael
../ael/Hittite_HMC_C012.ael
../ael/Hittite_HMC_C026.ael
../ael/Hittite_HMC_C024.ael
../ael/Hittite_HMC461LP3.ael
../ael/Hittite_HMC415LP3.ael
../ael/Hittite_HMC375LP3.ael
../ael/Hittite_HMC356LP3.ael
../ael/Hittite_HMC482ST89.ael
../ael/Hittite_HMC455LP3.ael
../ael/Hittite_HMC372LP3.ael
../ael/Hittite_HMC481MP86.ael
../ael/Hittite_HMC476MP86.ael
../ael/Hittite_HMC478ST89.ael
../ael/Hittite_HMC478MP86.ael
../ael/Hittite_HMC408LP3.ael
../ael/Hittite_HMC474MP86.ael
../ael/Hittite_HMC481ST89.ael
../ael/Hittite_HMC407MS8G.ael
../ael/Hittite_HMC406MS8G.ael
../ael/Hittite_HMC327MS8G.ael
../ael/Hittite_HMC326MS8G.ael
../ael/Hittite_HMC392.ael
../ael/Hittite_HMC396.ael
../ael/Hittite_HMC395.ael
../ael/Hittite_HMC342.ael
../ael/Hittite_HMC405.ael
../ael/Hittite_HMC397.ael
../ael/Hittite_HMC462.ael
../ael/Hittite_HMC516LC5.ael
../ael/Hittite_HMC451LC3.ael
../ael/Hittite_HMC383LC4.ael
../ael/Hittite_HMC382LP3.ael
../ael/Hittite_HMC462LP5.ael
../ael/Hittite_HMC376LP3.ael
../ael/Hittite_HMC300LM1.ael
../ael/Hittite_HMC341.ael
../ael/Hittite_HMC565.ael
../ael/Hittite_HMC564.ael
../ael/Hittite_HMC283.ael
../ael/Hittite_HMC559.ael
../ael/Hittite_HMC498.ael
../ael/Hittite_HMC464.ael
../ael/Hittite_HMC460.ael
../ael/Hittite_HMC519.ael
../ael/Hittite_HMC499.ael
../ael/Hittite_HMC486.ael
../ael/Hittite_HMC562.ael
../ael/Hittite_HMC463.ael
../ael/Hittite_HMC465.ael
../ael/Hittite_HMC442.ael
../ael/Hittite_HMC441.ael
../ael/Hittite_HMC286.ael
../ael/Hittite_HMC490.ael
../ael/Hittite_HMC442LM1.ael
../ael/Hittite_HMC342LC4.ael
../ael/Hittite_HMC499LC4.ael
../ael/Hittite_HMC283LM1.ael
../ael/Hittite_HMC498LC4.ael
../ael/Hittite_HMC464LP5.ael
../ael/Hittite_HMC441LM1.ael
../ael/Hittite_HMC441LH5.ael
../ael/Hittite_HMC486LP5.ael
../ael/Hittite_HMC441LP3.ael
../ael/Hittite_HMC463LP5.ael
../ael/Hittite_HMC487LP5.ael
../ael/Hittite_HMC465LP5.ael
../ael/Hittite_HMC489LP5.ael
../ael/Hittite_HMC490LP5.ael
../ael/Hittite_HMC441LC3B.ael
../ael/Hittite_HMC341LC3B.ael
../ael/Hittite_HMC240.ael
../ael/Hittite_HMC347.ael
../ael/Hittite_HMC344.ael
../ael/Hittite_HMC232.ael
../ael/Hittite_HMC544.ael
../ael/Hittite_HMC197.ael
../ael/Hittite_HMC221.ael
../ael/Hittite_HMC195.ael
../ael/Hittite_HMC595.ael
../ael/Hittite_HMC_C019.ael
../ael/Hittite_HMC226.ael
../ael/Hittite_HMC232C8.ael
../ael/Hittite_HMC347C8.ael
../ael/Hittite_HMC194MS8.ael
../ael/Hittite_HMC234C8.ael
../ael/Hittite_HMC190MS8.ael
../ael/Hittite_HMC224MS8.ael
../ael/Hittite_HMC_C011.ael
../ael/Hittite_HMC427LP3.ael
../ael/Hittite_HMC574MS8.ael
../ael/Hittite_HMC547LP3.ael
../ael/Hittite_HMC347LP3.ael
../ael/Hittite_HMC545.ael
../ael/Hittite_HMC435MS8G.ael
../ael/Hittite_HMC446.ael
../ael/Hittite_HMC270MS8G.ael
../ael/Hittite_HMC336MS8G.ael
../ael/Hittite_HMC284MS8G.ael
../ael/Hittite_HMC484MS8G.ael
../ael/Hittite_HMC349LP4C.ael
../ael/Hittite_HMC536MS8G.ael
../ael/Hittite_HMC199MS8.ael
../ael/Hittite_HMC348LP3.ael
../ael/Hittite_HMC349MS8G.ael
../ael/Hittite_HMC154S8.ael
../ael/Hittite_HMC315.ael
../ael/Hittite_HMC308.ael
../ael/Hittite_HMC471MS8G.ael
../ael/Hittite_HMC469MS8G.ael
../ael/Hittite_HMC_C004.ael
../ael/Hittite_HMC414MS8G.ael
../ael/Hittite_HMC413QS16G.ael
../ael/Hittite_HMC344LP3.ael
../ael/Hittite_HMC182S14.ael
../ael/Hittite_HMC344LH5.ael
../ael/Hittite_HMC245QS16.ael
../ael/Hittite_HMC393MS8G.ael
../ael/Hittite_HMC244G16.ael
../ael/Hittite_HMC241LP3.ael
../ael/Hittite_HMC241QS16.ael
../ael/Hittite_HMC174MS8.ael
../ael/Hittite_HMC310MS8G.ael
../ael/Hittite_HMC491LP3.ael
../ael/Hittite_HMC373LP3.ael
../ael/Hittite_HMC320MS8G.ael
../ael/Hittite_HMC436MS8G.ael
../ael/Hittite_HMC451.ael
../ael/Hittite_HMC383.ael
../ael/Hittite_HMC287MS8.ael
../ael/Hittite_HMC516.ael
../ael/Hittite_HMC518.ael
../ael/Hittite_HMC517.ael
../ael/Hittite_HMC321LP4.ael
../ael/Hittite_HMC183QS24.ael
../ael/Hittite_HMC253QS24.ael
../ael/Hittite_HMC252QS24.ael
../ael/Hittite_HMC318MS8G.ael
../ael/Hittite_HMC276QS24.ael
